f5537d08242e9b3084bfd60c211c7003  ../verilogpp
ffa007a4806acae2aa22fae129423ebb  autocb.vpp
5be2abe0b78d2c7cf1159026d82aa5ef  autoif.vpp
d8bf9099c93900253867a09b87c975c1  bar.vpp
f53ad3ace68d13b0cfa962509f7aac7e  bus_keeper.v
875e79d3a02ca25709b43c4ec4d996e7  busthing.v
a52b43f04418c40fe7d8d714940cd660  df2.vpp
7e2362c1fe5deb5777cd88609bddcebc  foo.vpp
9953d47357b8895179b277cbbeec420e  foreach.vpp
58099f68bbae4cead0f4515559337e47  forinst.vpp
4277c8e11642969680dd5534da726828  forinst_params.vpp
7e7937f60d93529d3d343c2594b994c4  fsm.vpp
802bb1901a42b4b1cb6baaa9eb9234b3  inst_of_signed_thing.vpp
550f431b378fd5d1c0fa6b255add0c59  inst_of_unpacked.vpp
6341c22c6d129c027a73582aa5407208  instpretty.vpp
7c439f5cdf30af3f4ddac68d373127dd  mark.vpp
3e14e1391b4efd60fabaf617a4e8709e  missing_file.vpp
ac8a33665c3df3cc3c4bf0dc59175d82  multiclock.v
cbf93af9a193c10198bdee6728bb5418  parameter_substitution.vpp
a1b6387c90958d801423d77dc8c9ba8e  signed_thing.v
922c6f675547c836d72b054e73e362e1  splitlines.vpp
a4efe1d1ce09ad84c12a1c35e179585b  tostring.vpp
a604c3d55b35d04a4e7a6219257c9b3f  tostring2.vpp
808aad7f7d9ae0e7a3758b1b41067ea9  unpacked.v
89638f917b75fef631024b26b72791c7  unpackedN.v
21a559ac37865107b52ad725fbaa4e51  verilogpp.fortest.rc
1cf74bb291c4b23ea21336aa4cb50b65  warnings.vpp
